AR register_file behavioral C:/Users/owner/Desktop/VHDL/LAB1/register_file.vhd sub00/vhpl09 1455537584
AR mux3_16bit behavioral C:/Users/owner/Desktop/VHDL/LAB1/mux3_16bit.vhd sub00/vhpl03 1455537578
AR reg8 behavioral C:/Users/owner/Desktop/VHDL/LAB1/reg8.vhd sub00/vhpl07 1455537582
EN register_file NULL C:/Users/owner/Desktop/VHDL/LAB1/register_file.vhd sub00/vhpl08 1455537583
AR mux8_16bit behavioral C:/Users/owner/Desktop/VHDL/LAB1/mux8_16bit.vhd sub00/vhpl05 1455537580
EN mux8_16bit NULL C:/Users/owner/Desktop/VHDL/LAB1/mux8_16bit.vhd sub00/vhpl04 1455537579
AR decoder_3to8 behavioral C:/Users/owner/Desktop/VHDL/LAB1/decoder_3to8.vhd sub00/vhpl01 1455537576
EN reg8 NULL C:/Users/owner/Desktop/VHDL/LAB1/reg8.vhd sub00/vhpl06 1455537581
EN decoder_3to8 NULL C:/Users/owner/Desktop/VHDL/LAB1/decoder_3to8.vhd sub00/vhpl00 1455537575
EN mux3_16bit NULL C:/Users/owner/Desktop/VHDL/LAB1/mux3_16bit.vhd sub00/vhpl02 1455537577
