AR register_file behavioral C:/Users/owner/Desktop/LAB_REPORTS/VHDL/LAB3/register_file.vhd sub00/vhpl09 1457894856
EN arithmetic_logic_unit NULL C:/Users/owner/Desktop/LAB_REPORTS/VHDL/LAB3/arithmetic_logic_unit.vhd sub00/vhpl20 1457894849
AR mux3_1bit behavioral C:/Users/owner/Desktop/LAB_REPORTS/VHDL/LAB3/mux3_1bit.vhd sub00/vhpl23 1457894834
EN function_unit NULL C:/Users/owner/Desktop/LAB_REPORTS/VHDL/LAB3/function_unit.vhd sub00/vhpl26 1457894853
EN datapath NULL C:/Users/owner/Desktop/LAB_REPORTS/VHDL/LAB3/datapath.vhd sub00/vhpl28 1457894859
EN ripple_adder NULL C:/Users/owner/Desktop/LAB_REPORTS/VHDL/LAB3/ripple_adder.vhd sub00/vhpl12 1457894835
AR function_unit behavioral C:/Users/owner/Desktop/LAB_REPORTS/VHDL/LAB3/function_unit.vhd sub00/vhpl27 1457894854
AR mux3_16bit behavioral C:/Users/owner/Desktop/LAB_REPORTS/VHDL/LAB3/mux3_16bit.vhd sub00/vhpl03 1457894838
AR logic_circuit behavioral C:/Users/owner/Desktop/LAB_REPORTS/VHDL/LAB3/logic_circuit.vhd sub00/vhpl19 1457894842
AR reg8 behavioral C:/Users/owner/Desktop/LAB_REPORTS/VHDL/LAB3/reg8.vhd sub00/vhpl07 1457894848
AR b_input_logic behavioral C:/Users/owner/Desktop/LAB_REPORTS/VHDL/LAB3/B_input_logic.vhd sub00/vhpl17 1457894840
EN shifter NULL C:/Users/owner/Desktop/LAB_REPORTS/VHDL/LAB3/shifter.vhd sub00/vhpl24 1457894851
EN register_file NULL C:/Users/owner/Desktop/LAB_REPORTS/VHDL/LAB3/register_file.vhd sub00/vhpl08 1457894855
EN control_memory NULL C:/Users/owner/Desktop/LAB_REPORTS/VHDL/LAB3/control_memory.vhd sub00/vhpl32 1457898035
EN logic_circuit NULL C:/Users/owner/Desktop/LAB_REPORTS/VHDL/LAB3/logic_circuit.vhd sub00/vhpl18 1457894841
EN full_adder NULL C:/Users/owner/Desktop/LAB_REPORTS/VHDL/LAB3/full_adder.vhd sub00/vhpl10 1457894831
AR mux8_16bit behavioral C:/Users/owner/Desktop/LAB_REPORTS/VHDL/LAB3/mux8_16bit.vhd sub00/vhpl05 1457894846
EN mux8_16bit NULL C:/Users/owner/Desktop/LAB_REPORTS/VHDL/LAB3/mux8_16bit.vhd sub00/vhpl04 1457894845
AR full_adder behavioral C:/Users/owner/Desktop/LAB_REPORTS/VHDL/LAB3/full_adder.vhd sub00/vhpl11 1457894832
EN mux2_1bit NULL C:/Users/owner/Desktop/LAB_REPORTS/VHDL/LAB3/mux2_1bit.vhd sub00/vhpl14 1457894829
AR ripple_adder behavioral C:/Users/owner/Desktop/LAB_REPORTS/VHDL/LAB3/ripple_adder.vhd sub00/vhpl13 1457894836
AR decoder_3to8 behavioral C:/Users/owner/Desktop/LAB_REPORTS/VHDL/LAB3/decoder_3to8.vhd sub00/vhpl01 1457894844
AR mux2_1bit behavioral C:/Users/owner/Desktop/LAB_REPORTS/VHDL/LAB3/mux2_1bit.vhd sub00/vhpl15 1457894830
AR arithmetic_logic_unit behavioral C:/Users/owner/Desktop/LAB_REPORTS/VHDL/LAB3/arithmetic_logic_unit.vhd sub00/vhpl21 1457894850
EN zero_fill NULL C:/Users/owner/Desktop/LAB_REPORTS/VHDL/LAB3/zero_fill.vhd sub00/vhpl30 1457894857
AR control_memory behavioral C:/Users/owner/Desktop/LAB_REPORTS/VHDL/LAB3/control_memory.vhd sub00/vhpl33 1457898036
EN reg8 NULL C:/Users/owner/Desktop/LAB_REPORTS/VHDL/LAB3/reg8.vhd sub00/vhpl06 1457894847
AR shifter behavioral C:/Users/owner/Desktop/LAB_REPORTS/VHDL/LAB3/shifter.vhd sub00/vhpl25 1457894852
EN decoder_3to8 NULL C:/Users/owner/Desktop/LAB_REPORTS/VHDL/LAB3/decoder_3to8.vhd sub00/vhpl00 1457894843
EN mux3_16bit NULL C:/Users/owner/Desktop/LAB_REPORTS/VHDL/LAB3/mux3_16bit.vhd sub00/vhpl02 1457894837
AR datapath behavioral C:/Users/owner/Desktop/VHDL/LAB2/datapath.vhd sub00/vhpl29 1457045437
EN b_input_logic NULL C:/Users/owner/Desktop/LAB_REPORTS/VHDL/LAB3/B_input_logic.vhd sub00/vhpl16 1457894839
AR zero_fill behavioral C:/Users/owner/Desktop/LAB_REPORTS/VHDL/LAB3/zero_fill.vhd sub00/vhpl31 1457894858
EN mux3_1bit NULL C:/Users/owner/Desktop/LAB_REPORTS/VHDL/LAB3/mux3_1bit.vhd sub00/vhpl22 1457894833
