AR register_file behavioral C:/Users/owner/Desktop/VHDL/LAB2/register_file.vhd sub00/vhpl09 1457048405
EN arithmetic_logic_unit NULL C:/Users/owner/Desktop/VHDL/LAB2/arithmetic_logic_unit.vhd sub00/vhpl20 1457048396
AR mux3_1bit behavioral C:/Users/owner/Desktop/VHDL/LAB2/mux3_1bit.vhd sub00/vhpl23 1457048387
EN function_unit NULL C:/Users/owner/Desktop/VHDL/LAB2/function_unit.vhd sub00/vhpl26 1457048400
EN datapath NULL C:/Users/owner/Desktop/VHDL/LAB2/datapath.vhd sub00/vhpl28 1457045436
EN ripple_adder NULL C:/Users/owner/Desktop/VHDL/LAB2/ripple_adder.vhd sub00/vhpl12 1457048388
AR function_unit behavioral C:/Users/owner/Desktop/VHDL/LAB2/function_unit.vhd sub00/vhpl27 1457048401
AR mux3_16bit behavioral C:/Users/owner/Desktop/VHDL/LAB2/mux3_16bit.vhd sub00/vhpl03 1457048391
AR logic_circuit behavioral C:/Users/owner/Desktop/VHDL/LAB2/logic_circuit.vhd sub00/vhpl19 1457048395
AR reg8 behavioral C:/Users/owner/Desktop/VHDL/LAB2/reg8.vhd sub00/vhpl07 1457048403
AR b_input_logic behavioral C:/Users/owner/Desktop/VHDL/LAB2/B_input_logic.vhd sub00/vhpl17 1457048393
EN shifter NULL C:/Users/owner/Desktop/VHDL/LAB2/shifter.vhd sub00/vhpl24 1457048398
EN register_file NULL C:/Users/owner/Desktop/VHDL/LAB2/register_file.vhd sub00/vhpl08 1457048404
EN logic_circuit NULL C:/Users/owner/Desktop/VHDL/LAB2/logic_circuit.vhd sub00/vhpl18 1457048394
EN full_adder NULL C:/Users/owner/Desktop/VHDL/LAB2/full_adder.vhd sub00/vhpl10 1457048384
AR mux8_16bit behavioral C:/Users/owner/Desktop/VHDL/LAB2/mux8_16bit.vhd sub00/vhpl05 1457048401
EN mux8_16bit NULL C:/Users/owner/Desktop/VHDL/LAB2/mux8_16bit.vhd sub00/vhpl04 1457048400
AR full_adder behavioral C:/Users/owner/Desktop/VHDL/LAB2/full_adder.vhd sub00/vhpl11 1457048385
EN mux2_1bit NULL C:/Users/owner/Desktop/VHDL/LAB2/mux2_1bit.vhd sub00/vhpl14 1457048382
AR ripple_adder behavioral C:/Users/owner/Desktop/VHDL/LAB2/ripple_adder.vhd sub00/vhpl13 1457048389
AR decoder_3to8 behavioral C:/Users/owner/Desktop/VHDL/LAB2/decoder_3to8.vhd sub00/vhpl01 1457048399
AR mux2_1bit behavioral C:/Users/owner/Desktop/VHDL/LAB2/mux2_1bit.vhd sub00/vhpl15 1457048383
AR arithmetic_logic_unit behavioral C:/Users/owner/Desktop/VHDL/LAB2/arithmetic_logic_unit.vhd sub00/vhpl21 1457048397
EN reg8 NULL C:/Users/owner/Desktop/VHDL/LAB2/reg8.vhd sub00/vhpl06 1457048402
AR shifter behavioral C:/Users/owner/Desktop/VHDL/LAB2/shifter.vhd sub00/vhpl25 1457048399
EN decoder_3to8 NULL C:/Users/owner/Desktop/VHDL/LAB2/decoder_3to8.vhd sub00/vhpl00 1457048398
EN mux3_16bit NULL C:/Users/owner/Desktop/VHDL/LAB2/mux3_16bit.vhd sub00/vhpl02 1457048390
AR datapath behavioral C:/Users/owner/Desktop/VHDL/LAB2/datapath.vhd sub00/vhpl29 1457045437
EN b_input_logic NULL C:/Users/owner/Desktop/VHDL/LAB2/B_input_logic.vhd sub00/vhpl16 1457048392
EN mux3_1bit NULL C:/Users/owner/Desktop/VHDL/LAB2/mux3_1bit.vhd sub00/vhpl22 1457048386
