V3 64
FL C:/Users/owner/Desktop/VHDL/LAB1/decoder_3to8.vhd 2016/02/14.14:15:33 P.20131013
FL C:/Users/owner/Desktop/VHDL/LAB1/mux3_16bit.vhd 2016/02/14.14:18:56 P.20131013
FL C:/Users/owner/Desktop/VHDL/LAB1/mux8_16bit.vhd 2016/02/14.14:28:50 P.20131013
FL C:/Users/owner/Desktop/VHDL/LAB1/reg8.vhd 2016/02/14.17:26:01 P.20131013
FL C:/Users/owner/Desktop/VHDL/LAB1/register_file.vhd 2016/02/14.17:26:01 P.20131013
FL C:/Users/owner/Desktop/VHDL/LAB2/arithmetic_logic_unit.vhd 2016/03/01.20:06:52 P.20131013
EN work/arithmetic_logic_unit 1457048396 \
      FL C:/Users/owner/Desktop/VHDL/LAB2/arithmetic_logic_unit.vhd \
      PB ieee/std_logic_1164 1381692176
AR work/arithmetic_logic_unit/Behavioral 1457048397 \
      FL C:/Users/owner/Desktop/VHDL/LAB2/arithmetic_logic_unit.vhd \
      EN work/arithmetic_logic_unit 1457048396 CP ripple_adder CP mux3_16bit \
      CP B_input_logic CP logic_circuit
FL C:/Users/owner/Desktop/VHDL/LAB2/B_input_logic.vhd 2016/03/01.19:07:56 P.20131013
EN work/B_input_logic 1457048392 \
      FL C:/Users/owner/Desktop/VHDL/LAB2/B_input_logic.vhd \
      PB ieee/std_logic_1164 1381692176
AR work/B_input_logic/Behavioral 1457048393 \
      FL C:/Users/owner/Desktop/VHDL/LAB2/B_input_logic.vhd EN work/B_input_logic 1457048392 \
      CP mux2_1bit
FL C:/Users/owner/Desktop/VHDL/LAB2/datapath.vhd 2016/03/03.22:45:15 P.20131013
EN work/datapath 1457045436 FL C:/Users/owner/Desktop/VHDL/LAB2/datapath.vhd \
      PB ieee/std_logic_1164 1381692176
AR work/datapath/Behavioral 1457045437 \
      FL C:/Users/owner/Desktop/VHDL/LAB2/datapath.vhd EN work/datapath 1457045436 \
      CP mux3_16bit CP function_unit CP register_file
FL C:/Users/owner/Desktop/VHDL/LAB2/decoder_3to8.vhd 2016/03/01.00:14:01 P.20131013
EN work/decoder_3to8 1457048398 \
      FL C:/Users/owner/Desktop/VHDL/LAB2/decoder_3to8.vhd PB ieee/std_logic_1164 1381692176 \
      PB ieee/std_logic_arith 1381692177 PB ieee/STD_LOGIC_UNSIGNED 1381692179
AR work/decoder_3to8/Behavioral 1457048399 \
      FL C:/Users/owner/Desktop/VHDL/LAB2/decoder_3to8.vhd EN work/decoder_3to8 1457048398
FL C:/Users/owner/Desktop/VHDL/LAB2/full_adder.vhd 2016/03/01.16:44:10 P.20131013
EN work/full_adder 1457048384 FL C:/Users/owner/Desktop/VHDL/LAB2/full_adder.vhd \
      PB ieee/std_logic_1164 1381692176 PB ieee/std_logic_arith 1381692177 \
      PB ieee/STD_LOGIC_UNSIGNED 1381692179
AR work/full_adder/Behavioral 1457048385 \
      FL C:/Users/owner/Desktop/VHDL/LAB2/full_adder.vhd EN work/full_adder 1457048384
FL C:/Users/owner/Desktop/VHDL/LAB2/function_unit.vhd 2016/03/01.21:14:11 P.20131013
EN work/function_unit 1457048400 \
      FL C:/Users/owner/Desktop/VHDL/LAB2/function_unit.vhd \
      PB ieee/std_logic_1164 1381692176
AR work/function_unit/Behavioral 1457048401 \
      FL C:/Users/owner/Desktop/VHDL/LAB2/function_unit.vhd EN work/function_unit 1457048400 \
      CP arithmetic_logic_unit CP shifter CP mux3_16bit
FL C:/Users/owner/Desktop/VHDL/LAB2/logic_circuit.vhd 2016/03/01.19:35:03 P.20131013
EN work/logic_circuit 1457048394 \
      FL C:/Users/owner/Desktop/VHDL/LAB2/logic_circuit.vhd \
      PB ieee/std_logic_1164 1381692176
AR work/logic_circuit/Behavioral 1457048395 \
      FL C:/Users/owner/Desktop/VHDL/LAB2/logic_circuit.vhd EN work/logic_circuit 1457048394
FL C:/Users/owner/Desktop/VHDL/LAB2/mux2_1bit.vhd 2016/03/01.18:49:57 P.20131013
EN work/mux2_1bit 1457048382 FL C:/Users/owner/Desktop/VHDL/LAB2/mux2_1bit.vhd \
      PB ieee/std_logic_1164 1381692176
AR work/mux2_1bit/Behavioral 1457048383 \
      FL C:/Users/owner/Desktop/VHDL/LAB2/mux2_1bit.vhd EN work/mux2_1bit 1457048382
FL C:/Users/owner/Desktop/VHDL/LAB2/mux3_16bit.vhd 2016/03/01.15:13:00 P.20131013
EN work/mux3_16bit 1457048390 FL C:/Users/owner/Desktop/VHDL/LAB2/mux3_16bit.vhd \
      PB ieee/std_logic_1164 1381692176 PB ieee/std_logic_arith 1381692177 \
      PB ieee/STD_LOGIC_UNSIGNED 1381692179
AR work/mux3_16bit/Behavioral 1457048391 \
      FL C:/Users/owner/Desktop/VHDL/LAB2/mux3_16bit.vhd EN work/mux3_16bit 1457048390
FL C:/Users/owner/Desktop/VHDL/LAB2/mux3_1bit.vhd 2016/03/01.20:13:55 P.20131013
EN work/mux3_1bit 1457048386 FL C:/Users/owner/Desktop/VHDL/LAB2/mux3_1bit.vhd \
      PB ieee/std_logic_1164 1381692176
AR work/mux3_1bit/Behavioral 1457048387 \
      FL C:/Users/owner/Desktop/VHDL/LAB2/mux3_1bit.vhd EN work/mux3_1bit 1457048386
FL C:/Users/owner/Desktop/VHDL/LAB2/mux8_16bit.vhd 2016/03/01.16:42:55 P.20131013
EN work/mux8_16bit 1457048400 FL C:/Users/owner/Desktop/VHDL/LAB2/mux8_16bit.vhd \
      PB ieee/std_logic_1164 1381692176 PB ieee/std_logic_arith 1381692177 \
      PB ieee/STD_LOGIC_UNSIGNED 1381692179
AR work/mux8_16bit/Behavioral 1457048401 \
      FL C:/Users/owner/Desktop/VHDL/LAB2/mux8_16bit.vhd EN work/mux8_16bit 1457048400
FL C:/Users/owner/Desktop/VHDL/LAB2/reg8.vhd 2016/03/01.15:15:40 P.20131013
EN work/reg8 1457048402 FL C:/Users/owner/Desktop/VHDL/LAB2/reg8.vhd \
      PB ieee/std_logic_1164 1381692176 PB ieee/std_logic_arith 1381692177 \
      PB ieee/STD_LOGIC_UNSIGNED 1381692179
AR work/reg8/Behavioral 1457048403 \
      FL C:/Users/owner/Desktop/VHDL/LAB2/reg8.vhd EN work/reg8 1457048402
FL C:/Users/owner/Desktop/VHDL/LAB2/register_file.vhd 2016/03/01.16:25:48 P.20131013
EN work/register_file 1457048404 \
      FL C:/Users/owner/Desktop/VHDL/LAB2/register_file.vhd \
      PB ieee/std_logic_1164 1381692176 PB ieee/std_logic_arith 1381692177 \
      PB ieee/STD_LOGIC_UNSIGNED 1381692179
AR work/register_file/Behavioral 1457048405 \
      FL C:/Users/owner/Desktop/VHDL/LAB2/register_file.vhd EN work/register_file 1457048404 \
      CP decoder_3to8 CP mux8_16bit CP reg8
FL C:/Users/owner/Desktop/VHDL/LAB2/ripple_adder.vhd 2016/03/03.22:48:48 P.20131013
EN work/ripple_adder 1457048388 \
      FL C:/Users/owner/Desktop/VHDL/LAB2/ripple_adder.vhd PB ieee/std_logic_1164 1381692176 \
      PB ieee/std_logic_arith 1381692177 PB ieee/STD_LOGIC_UNSIGNED 1381692179
AR work/ripple_adder/Behavioral 1457048389 \
      FL C:/Users/owner/Desktop/VHDL/LAB2/ripple_adder.vhd EN work/ripple_adder 1457048388 \
      CP full_adder
FL C:/Users/owner/Desktop/VHDL/LAB2/shifter.vhd 2016/03/01.20:41:27 P.20131013
EN work/shifter 1457048398 FL C:/Users/owner/Desktop/VHDL/LAB2/shifter.vhd \
      PB ieee/std_logic_1164 1381692176
AR work/shifter/Behavioral 1457048399 \
      FL C:/Users/owner/Desktop/VHDL/LAB2/shifter.vhd EN work/shifter 1457048398 \
      CP mux3_1bit
