V3 86
FL C:/Users/owner/Desktop/LAB_REPORTS/VHDL/LAB3/arithmetic_logic_unit.vhd 2016/03/01.20:06:52 P.20131013
EN work/arithmetic_logic_unit 1457894849 \
      FL C:/Users/owner/Desktop/LAB_REPORTS/VHDL/LAB3/arithmetic_logic_unit.vhd \
      PB ieee/std_logic_1164 1381692176
AR work/arithmetic_logic_unit/Behavioral 1457894850 \
      FL C:/Users/owner/Desktop/LAB_REPORTS/VHDL/LAB3/arithmetic_logic_unit.vhd \
      EN work/arithmetic_logic_unit 1457894849 CP ripple_adder CP mux3_16bit \
      CP B_input_logic CP logic_circuit
FL C:/Users/owner/Desktop/LAB_REPORTS/VHDL/LAB3/B_input_logic.vhd 2016/03/01.19:07:56 P.20131013
EN work/B_input_logic 1457894839 \
      FL C:/Users/owner/Desktop/LAB_REPORTS/VHDL/LAB3/B_input_logic.vhd \
      PB ieee/std_logic_1164 1381692176
AR work/B_input_logic/Behavioral 1457894840 \
      FL C:/Users/owner/Desktop/LAB_REPORTS/VHDL/LAB3/B_input_logic.vhd \
      EN work/B_input_logic 1457894839 CP mux2_1bit
FL C:/Users/owner/Desktop/LAB_REPORTS/VHDL/LAB3/control_memory.vhd 2016/03/13.19:40:31 P.20131013
EN work/control_memory 1457898035 \
      FL C:/Users/owner/Desktop/LAB_REPORTS/VHDL/LAB3/control_memory.vhd \
      PB ieee/std_logic_1164 1381692176 PB ieee/std_logic_arith 1381692177 \
      PB ieee/STD_LOGIC_UNSIGNED 1381692179
AR work/control_memory/Behavioral 1457898036 \
      FL C:/Users/owner/Desktop/LAB_REPORTS/VHDL/LAB3/control_memory.vhd \
      EN work/control_memory 1457898035
FL C:/Users/owner/Desktop/LAB_REPORTS/VHDL/LAB3/datapath.vhd 2016/03/13.18:33:46 P.20131013
EN work/datapath 1457045436 \
      FL C:/Users/owner/Desktop/LAB_REPORTS/VHDL/LAB3/datapath.vhd \
      PB ieee/std_logic_1164 1381692176
AR work/datapath/Behavioral 1457045437 \
      FL C:/Users/owner/Desktop/LAB_REPORTS/VHDL/LAB3/datapath.vhd \
      EN work/datapath 1457045436 CP mux3_16bit CP function_unit CP register_file \
      CP zero_fill
FL C:/Users/owner/Desktop/LAB_REPORTS/VHDL/LAB3/decoder_3to8.vhd 2016/03/13.16:40:58 P.20131013
EN work/decoder_3to8 1457894843 \
      FL C:/Users/owner/Desktop/LAB_REPORTS/VHDL/LAB3/decoder_3to8.vhd \
      PB ieee/std_logic_1164 1381692176 PB ieee/std_logic_arith 1381692177 \
      PB ieee/STD_LOGIC_UNSIGNED 1381692179
AR work/decoder_3to8/Behavioral 1457894844 \
      FL C:/Users/owner/Desktop/LAB_REPORTS/VHDL/LAB3/decoder_3to8.vhd \
      EN work/decoder_3to8 1457894843
FL C:/Users/owner/Desktop/LAB_REPORTS/VHDL/LAB3/full_adder.vhd 2016/03/01.16:44:10 P.20131013
EN work/full_adder 1457894831 \
      FL C:/Users/owner/Desktop/LAB_REPORTS/VHDL/LAB3/full_adder.vhd \
      PB ieee/std_logic_1164 1381692176 PB ieee/std_logic_arith 1381692177 \
      PB ieee/STD_LOGIC_UNSIGNED 1381692179
AR work/full_adder/Behavioral 1457894832 \
      FL C:/Users/owner/Desktop/LAB_REPORTS/VHDL/LAB3/full_adder.vhd \
      EN work/full_adder 1457894831
FL C:/Users/owner/Desktop/LAB_REPORTS/VHDL/LAB3/function_unit.vhd 2016/03/01.21:14:11 P.20131013
EN work/function_unit 1457894853 \
      FL C:/Users/owner/Desktop/LAB_REPORTS/VHDL/LAB3/function_unit.vhd \
      PB ieee/std_logic_1164 1381692176
AR work/function_unit/Behavioral 1457894854 \
      FL C:/Users/owner/Desktop/LAB_REPORTS/VHDL/LAB3/function_unit.vhd \
      EN work/function_unit 1457894853 CP arithmetic_logic_unit CP shifter \
      CP mux3_16bit
FL C:/Users/owner/Desktop/LAB_REPORTS/VHDL/LAB3/logic_circuit.vhd 2016/03/01.19:35:03 P.20131013
EN work/logic_circuit 1457894841 \
      FL C:/Users/owner/Desktop/LAB_REPORTS/VHDL/LAB3/logic_circuit.vhd \
      PB ieee/std_logic_1164 1381692176
AR work/logic_circuit/Behavioral 1457894842 \
      FL C:/Users/owner/Desktop/LAB_REPORTS/VHDL/LAB3/logic_circuit.vhd \
      EN work/logic_circuit 1457894841
FL C:/Users/owner/Desktop/LAB_REPORTS/VHDL/LAB3/mux2_1bit.vhd 2016/03/01.18:49:57 P.20131013
EN work/mux2_1bit 1457894829 \
      FL C:/Users/owner/Desktop/LAB_REPORTS/VHDL/LAB3/mux2_1bit.vhd \
      PB ieee/std_logic_1164 1381692176
AR work/mux2_1bit/Behavioral 1457894830 \
      FL C:/Users/owner/Desktop/LAB_REPORTS/VHDL/LAB3/mux2_1bit.vhd \
      EN work/mux2_1bit 1457894829
FL C:/Users/owner/Desktop/LAB_REPORTS/VHDL/LAB3/mux3_16bit.vhd 2016/03/01.15:13:00 P.20131013
EN work/mux3_16bit 1457894837 \
      FL C:/Users/owner/Desktop/LAB_REPORTS/VHDL/LAB3/mux3_16bit.vhd \
      PB ieee/std_logic_1164 1381692176 PB ieee/std_logic_arith 1381692177 \
      PB ieee/STD_LOGIC_UNSIGNED 1381692179
AR work/mux3_16bit/Behavioral 1457894838 \
      FL C:/Users/owner/Desktop/LAB_REPORTS/VHDL/LAB3/mux3_16bit.vhd \
      EN work/mux3_16bit 1457894837
FL C:/Users/owner/Desktop/LAB_REPORTS/VHDL/LAB3/mux3_1bit.vhd 2016/03/01.20:13:55 P.20131013
EN work/mux3_1bit 1457894833 \
      FL C:/Users/owner/Desktop/LAB_REPORTS/VHDL/LAB3/mux3_1bit.vhd \
      PB ieee/std_logic_1164 1381692176
AR work/mux3_1bit/Behavioral 1457894834 \
      FL C:/Users/owner/Desktop/LAB_REPORTS/VHDL/LAB3/mux3_1bit.vhd \
      EN work/mux3_1bit 1457894833
FL C:/Users/owner/Desktop/LAB_REPORTS/VHDL/LAB3/mux8_16bit.vhd 2016/03/13.16:51:45 P.20131013
EN work/mux8_16bit 1457894845 \
      FL C:/Users/owner/Desktop/LAB_REPORTS/VHDL/LAB3/mux8_16bit.vhd \
      PB ieee/std_logic_1164 1381692176 PB ieee/std_logic_arith 1381692177 \
      PB ieee/STD_LOGIC_UNSIGNED 1381692179
AR work/mux8_16bit/Behavioral 1457894846 \
      FL C:/Users/owner/Desktop/LAB_REPORTS/VHDL/LAB3/mux8_16bit.vhd \
      EN work/mux8_16bit 1457894845
FL C:/Users/owner/Desktop/LAB_REPORTS/VHDL/LAB3/reg8.vhd 2016/03/01.15:15:40 P.20131013
EN work/reg8 1457894847 FL C:/Users/owner/Desktop/LAB_REPORTS/VHDL/LAB3/reg8.vhd \
      PB ieee/std_logic_1164 1381692176 PB ieee/std_logic_arith 1381692177 \
      PB ieee/STD_LOGIC_UNSIGNED 1381692179
AR work/reg8/Behavioral 1457894848 \
      FL C:/Users/owner/Desktop/LAB_REPORTS/VHDL/LAB3/reg8.vhd EN work/reg8 1457894847
FL C:/Users/owner/Desktop/LAB_REPORTS/VHDL/LAB3/register_file.vhd 2016/03/13.16:53:03 P.20131013
EN work/register_file 1457894855 \
      FL C:/Users/owner/Desktop/LAB_REPORTS/VHDL/LAB3/register_file.vhd \
      PB ieee/std_logic_1164 1381692176 PB ieee/std_logic_arith 1381692177 \
      PB ieee/STD_LOGIC_UNSIGNED 1381692179
AR work/register_file/Behavioral 1457894856 \
      FL C:/Users/owner/Desktop/LAB_REPORTS/VHDL/LAB3/register_file.vhd \
      EN work/register_file 1457894855 CP decoder_3to8 CP mux8_16bit CP reg8
FL C:/Users/owner/Desktop/LAB_REPORTS/VHDL/LAB3/ripple_adder.vhd 2016/03/03.22:48:48 P.20131013
EN work/ripple_adder 1457894835 \
      FL C:/Users/owner/Desktop/LAB_REPORTS/VHDL/LAB3/ripple_adder.vhd \
      PB ieee/std_logic_1164 1381692176 PB ieee/std_logic_arith 1381692177 \
      PB ieee/STD_LOGIC_UNSIGNED 1381692179
AR work/ripple_adder/Behavioral 1457894836 \
      FL C:/Users/owner/Desktop/LAB_REPORTS/VHDL/LAB3/ripple_adder.vhd \
      EN work/ripple_adder 1457894835 CP full_adder
FL C:/Users/owner/Desktop/LAB_REPORTS/VHDL/LAB3/shifter.vhd 2016/03/01.20:41:27 P.20131013
EN work/shifter 1457894851 \
      FL C:/Users/owner/Desktop/LAB_REPORTS/VHDL/LAB3/shifter.vhd \
      PB ieee/std_logic_1164 1381692176
AR work/shifter/Behavioral 1457894852 \
      FL C:/Users/owner/Desktop/LAB_REPORTS/VHDL/LAB3/shifter.vhd EN work/shifter 1457894851 \
      CP mux3_1bit
FL C:/Users/owner/Desktop/LAB_REPORTS/VHDL/LAB3/zero_fill.vhd 2016/03/13.18:25:36 P.20131013
EN work/zero_fill 1457894857 \
      FL C:/Users/owner/Desktop/LAB_REPORTS/VHDL/LAB3/zero_fill.vhd \
      PB ieee/std_logic_1164 1381692176
AR work/zero_fill/Behavioral 1457894858 \
      FL C:/Users/owner/Desktop/LAB_REPORTS/VHDL/LAB3/zero_fill.vhd \
      EN work/zero_fill 1457894857
FL C:/Users/owner/Desktop/VHDL/LAB1/decoder_3to8.vhd 2016/02/14.14:15:33 P.20131013
FL C:/Users/owner/Desktop/VHDL/LAB1/mux3_16bit.vhd 2016/02/14.14:18:56 P.20131013
FL C:/Users/owner/Desktop/VHDL/LAB1/mux8_16bit.vhd 2016/02/14.14:28:50 P.20131013
FL C:/Users/owner/Desktop/VHDL/LAB1/reg8.vhd 2016/02/14.17:26:01 P.20131013
FL C:/Users/owner/Desktop/VHDL/LAB1/register_file.vhd 2016/02/14.17:26:01 P.20131013
FL C:/Users/owner/Desktop/VHDL/LAB2/arithmetic_logic_unit.vhd 2016/03/01.20:06:52 P.20131013
FL C:/Users/owner/Desktop/VHDL/LAB2/B_input_logic.vhd 2016/03/01.19:07:56 P.20131013
FL C:/Users/owner/Desktop/VHDL/LAB2/datapath.vhd 2016/03/03.22:45:15 P.20131013
FL C:/Users/owner/Desktop/VHDL/LAB2/decoder_3to8.vhd 2016/03/01.00:14:01 P.20131013
FL C:/Users/owner/Desktop/VHDL/LAB2/full_adder.vhd 2016/03/01.16:44:10 P.20131013
FL C:/Users/owner/Desktop/VHDL/LAB2/function_unit.vhd 2016/03/01.21:14:11 P.20131013
FL C:/Users/owner/Desktop/VHDL/LAB2/logic_circuit.vhd 2016/03/01.19:35:03 P.20131013
FL C:/Users/owner/Desktop/VHDL/LAB2/mux2_1bit.vhd 2016/03/01.18:49:57 P.20131013
FL C:/Users/owner/Desktop/VHDL/LAB2/mux3_16bit.vhd 2016/03/01.15:13:00 P.20131013
FL C:/Users/owner/Desktop/VHDL/LAB2/mux3_1bit.vhd 2016/03/01.20:13:55 P.20131013
FL C:/Users/owner/Desktop/VHDL/LAB2/mux8_16bit.vhd 2016/03/01.16:42:55 P.20131013
FL C:/Users/owner/Desktop/VHDL/LAB2/reg8.vhd 2016/03/01.15:15:40 P.20131013
FL C:/Users/owner/Desktop/VHDL/LAB2/register_file.vhd 2016/03/01.16:25:48 P.20131013
FL C:/Users/owner/Desktop/VHDL/LAB2/ripple_adder.vhd 2016/03/03.22:48:48 P.20131013
FL C:/Users/owner/Desktop/VHDL/LAB2/shifter.vhd 2016/03/01.20:41:27 P.20131013
