AR register_file behavioral C:/Users/owner/Desktop/VHDL/LAB1/register_file.vhd sub00/vhpl09 1455475895
AR mux3_16bit behavioral C:/Users/owner/Desktop/VHDL/LAB1/mux3_16bit.vhd sub00/vhpl03 1455475889
AR reg8 behavioral C:/Users/owner/Desktop/VHDL/LAB1/reg8.vhd sub00/vhpl07 1455475893
EN register_file NULL C:/Users/owner/Desktop/VHDL/LAB1/register_file.vhd sub00/vhpl08 1455475894
AR mux8_16bit behavioral C:/Users/owner/Desktop/VHDL/LAB1/mux8_16bit.vhd sub00/vhpl05 1455475891
EN mux8_16bit NULL C:/Users/owner/Desktop/VHDL/LAB1/mux8_16bit.vhd sub00/vhpl04 1455475890
AR decoder_3to8 behavioral C:/Users/owner/Desktop/VHDL/LAB1/decoder_3to8.vhd sub00/vhpl01 1455475887
EN reg8 NULL C:/Users/owner/Desktop/VHDL/LAB1/reg8.vhd sub00/vhpl06 1455475892
EN decoder_3to8 NULL C:/Users/owner/Desktop/VHDL/LAB1/decoder_3to8.vhd sub00/vhpl00 1455475886
EN mux3_16bit NULL C:/Users/owner/Desktop/VHDL/LAB1/mux3_16bit.vhd sub00/vhpl02 1455475888
